 * Serving Flask app 'main'
 * Debug mode: on
python : WARNING: This is a development server. Do not use it in a production 
deployment. Use a production WSGI server instead.
At line:1 char:57
+ ... "c:\Users\Dantez\Downloads\ofds\backend"; python main.py 2>&1 | Tee-O ...
+                                               ~~~~~~~~~~~~~~~~~~~
    + CategoryInfo          : NotSpecified: (WARNING: This i...server instead. 
   :String) [], RemoteException
    + FullyQualifiedErrorId : NativeCommandError
 
 * Running on http://127.0.0.1:5000
Press CTRL+C to quit
 * Restarting with stat
 * Debugger is active!
 * Debugger PIN: 136-485-847
 * Detected change in 
'C:\\Users\\Dantez\\Downloads\\ofds\\backend\\test_api_withdrawals.py', 
reloading
 * Restarting with stat
 * Debugger is active!
 * Debugger PIN: 136-485-847
 * Detected change in 
'C:\\Users\\Dantez\\Downloads\\ofds\\backend\\test_epoch_withdrawals.py', 
reloading
 * Restarting with stat
 * Debugger is active!
 * Debugger PIN: 136-485-847
 * Detected change in 
'C:\\Users\\Dantez\\Downloads\\ofds\\backend\\test_epoch_raw.py', reloading
 * Restarting with stat
 * Debugger is active!
 * Debugger PIN: 136-485-847
 * Detected change in 
'C:\\Users\\Dantez\\Downloads\\ofds\\backend\\test_epoch_raw.py', reloading
 * Restarting with stat
 * Debugger is active!
 * Debugger PIN: 136-485-847
 * Detected change in 
'C:\\Users\\Dantez\\Downloads\\ofds\\backend\\app\\Batch\\controllers.py', 
reloading
 * Restarting with stat
 * Debugger is active!
 * Debugger PIN: 136-485-847
 * Detected change in 
'C:\\Users\\Dantez\\Downloads\\ofds\\backend\\app\\Batch\\controllers.py', 
reloading
 * Restarting with stat
 * Debugger is active!
 * Debugger PIN: 136-485-847
 * Detected change in 
'C:\\Users\\Dantez\\Downloads\\ofds\\backend\\app\\Batch\\controllers.py', 
reloading
 * Restarting with stat
 * Debugger is active!
 * Debugger PIN: 136-485-847
 * Detected change in 
'C:\\Users\\Dantez\\Downloads\\ofds\\backend\\app\\Batch\\controllers.py', 
reloading
 * Restarting with stat
 * Debugger is active!
 * Debugger PIN: 136-485-847
 * Detected change in 
'C:\\Users\\Dantez\\Downloads\\ofds\\backend\\app\\Batch\\controllers.py', 
reloading
 * Restarting with stat
 * Debugger is active!
 * Debugger PIN: 136-485-847
 * Detected change in 
'C:\\Users\\Dantez\\Downloads\\ofds\\backend\\app\\Batch\\controllers.py', 
reloading
 * Restarting with stat
 * Debugger is active!
 * Debugger PIN: 136-485-847
 * Detected change in 
'C:\\Users\\Dantez\\Downloads\\ofds\\backend\\app\\Batch\\controllers.py', 
reloading
 * Restarting with stat
 * Debugger is active!
 * Debugger PIN: 136-485-847
 * Detected change in 
'C:\\Users\\Dantez\\Downloads\\ofds\\backend\\app\\Batch\\controllers.py', 
reloading
 * Restarting with stat
 * Debugger is active!
 * Debugger PIN: 136-485-847
 * Detected change in 
'C:\\Users\\Dantez\\Downloads\\ofds\\backend\\app\\Batch\\controllers.py', 
reloading
 * Restarting with stat
 * Debugger is active!
 * Debugger PIN: 136-485-847
 * Detected change in 
'C:\\Users\\Dantez\\Downloads\\ofds\\backend\\app\\Batch\\controllers.py', 
reloading
 * Restarting with stat
 * Debugger is active!
 * Debugger PIN: 136-485-847
 * Detected change in 
'C:\\Users\\Dantez\\Downloads\\ofds\\backend\\app\\Reports\\route.py', 
reloading
 * Restarting with stat
 * Debugger is active!
 * Debugger PIN: 136-485-847
 * Detected change in 
'C:\\Users\\Dantez\\Downloads\\ofds\\backend\\app\\Investments\\route.py', 
reloading
 * Restarting with stat
 * Debugger is active!
 * Debugger PIN: 136-485-847
 * Detected change in 
'C:\\Users\\Dantez\\Downloads\\ofds\\backend\\app\\Investments\\route.py', 
reloading
 * Restarting with stat
 * Debugger is active!
 * Debugger PIN: 136-485-847
 * Detected change in 
'C:\\Users\\Dantez\\Downloads\\ofds\\backend\\app\\Stats\\route.py', reloading
 * Restarting with stat
 * Debugger is active!
 * Debugger PIN: 136-485-847
 * Detected change in 
'C:\\Users\\Dantez\\Downloads\\ofds\\backend\\app\\Stats\\route.py', reloading
 * Restarting with stat
 * Debugger is active!
 * Debugger PIN: 136-485-847
 * Detected change in 
'C:\\Users\\Dantez\\Downloads\\ofds\\backend\\app\\Stats\\route.py', reloading
 * Restarting with stat
 * Debugger is active!
 * Debugger PIN: 136-485-847
 * Detected change in 
'C:\\Users\\Dantez\\Downloads\\ofds\\backend\\app\\Stats\\route.py', reloading
 * Restarting with stat
 * Debugger is active!
 * Debugger PIN: 136-485-847
 * Detected change in 
'C:\\Users\\Dantez\\Downloads\\ofds\\backend\\app\\Stats\\route.py', reloading
 * Restarting with stat
 * Debugger is active!
 * Debugger PIN: 136-485-847
 * Detected change in 
'C:\\Users\\Dantez\\Downloads\\ofds\\backend\\app\\Stats\\route.py', reloading
 * Restarting with stat
 * Debugger is active!
 * Debugger PIN: 136-485-847
 * Detected change in 
'C:\\Users\\Dantez\\Downloads\\ofds\\backend\\app\\Reports\\route.py', 
reloading
 * Restarting with stat
 * Debugger is active!
 * Debugger PIN: 136-485-847
 * Detected change in 
'C:\\Users\\Dantez\\Downloads\\ofds\\backend\\app\\Investments\\route.py', 
reloading
 * Restarting with stat
 * Debugger is active!
 * Debugger PIN: 136-485-847
 * Detected change in 
'C:\\Users\\Dantez\\Downloads\\ofds\\backend\\app\\Investments\\route.py', 
reloading
 * Restarting with stat
 * Debugger is active!
 * Debugger PIN: 136-485-847
 * Detected change in 
'C:\\Users\\Dantez\\Downloads\\ofds\\backend\\app\\Investments\\route.py', 
reloading
 * Restarting with stat
 * Debugger is active!
 * Debugger PIN: 136-485-847
 * Detected change in 
'C:\\Users\\Dantez\\Downloads\\ofds\\backend\\app\\Investments\\route.py', 
reloading
 * Restarting with stat
 * Debugger is active!
 * Debugger PIN: 136-485-847
 * Detected change in 
'C:\\Users\\Dantez\\Downloads\\ofds\\backend\\app\\Batch\\route.py', reloading
 * Restarting with stat
 * Debugger is active!
 * Debugger PIN: 136-485-847
